// Jest Snapshot v1, https://goo.gl/fbAQLP

exports[`List component should be able to render 1`] = `ShallowWrapper {}`;
