// Jest Snapshot v1, https://goo.gl/fbAQLP

exports[`ListItem component should be able to render 1`] = `ShallowWrapper {}`;
