// Jest Snapshot v1, https://goo.gl/fbAQLP

exports[`DarkModeSwitch component should be able to render 1`] = `ShallowWrapper {}`;
