// Jest Snapshot v1, https://goo.gl/fbAQLP

exports[`Modal component should be able to render 1`] = `ShallowWrapper {}`;
